// Jest Snapshot v1, https://goo.gl/fbAQLP

exports[`Dish component Should match the spnapshot 1`] = `
<div
  class="home-container"
>
  <div
    class="titleContainer"
  >
    <h1
      class="title"
    >
      Eat the World
    </h1>
  </div>
  <div
    class="map-container"
  >
    <div
      class="scene"
    >
      <div
        class="sky"
      >
        <div
          class="sky__cloud-group"
        >
          <div
            class="sky__cloud"
          >
            <div
              class="sky__cloud--bubbles"
            />
          </div>
          <div
            class="sky__cloud"
          >
            <div
              class="sky__cloud--bubbles"
            />
          </div>
          <div
            class="sky__cloud sky__cloud--small"
          >
            <div
              class="sky__cloud--bubbles"
            />
          </div>
          <div
            class="sky__cloud sky__cloud--small"
          >
            <div
              class="sky__cloud--bubbles"
            />
          </div>
          <div
            class="sky__cloud sky__cloud--small"
          >
            <div
              class="sky__cloud--bubbles"
            />
          </div>
        </div>
        <div
          class="sky__cloud-group"
        >
          <div
            class="sky__cloud"
          >
            <div
              class="sky__cloud--bubbles"
            />
          </div>
          <div
            class="sky__cloud"
          >
            <div
              class="sky__cloud--bubbles"
            />
          </div>
          <div
            class="sky__cloud sky__cloud--small"
          >
            <div
              class="sky__cloud--bubbles"
            />
          </div>
          <div
            class="sky__cloud sky__cloud--small"
          >
            <div
              class="sky__cloud--bubbles"
            />
          </div>
          <div
            class="sky__cloud sky__cloud--small"
          >
            <div
              class="sky__cloud--bubbles"
            />
          </div>
        </div>
      </div>
      <div
        class="bird"
      >
        <div
          class="bird__head"
        >
          <div
            class="bird__head--hairs"
          />
          <div
            class="bird__head--eye"
          />
          <div
            class="bird__head--spot"
          />
          <div
            class="bird__head--beak"
          />
          <div
            class="bird__head--reflection"
          >
            <div
              class="bird__head--reflection--dot"
            />
            <div
              class="bird__head--reflection--dot"
            />
            <div
              class="bird__head--reflection--dot"
            />
            <div
              class="bird__head--reflection--dot"
            />
            <div
              class="bird__head--reflection--dot"
            />
            <div
              class="bird__head--reflection--dot"
            />
            <div
              class="bird__head--reflection--dot"
            />
            <div
              class="bird__head--reflection--dot"
            />
            <div
              class="bird__head--reflection--dot"
            />
            <div
              class="bird__head--reflection--dot"
            />
            <div
              class="bird__head--reflection--dot"
            />
            <div
              class="bird__head--reflection--dot"
            />
            <div
              class="bird__head--reflection--dot"
            />
            <div
              class="bird__head--reflection--dot"
            />
            <div
              class="bird__head--reflection--dot"
            />
            <div
              class="bird__head--reflection--dot"
            />
            <div
              class="bird__head--reflection--dot"
            />
            <div
              class="bird__head--reflection--dot"
            />
            <div
              class="bird__head--reflection--dot"
            />
            <div
              class="bird__head--reflection--dot"
            />
          </div>
        </div>
        <div
          class="bird__body"
        />
        <div
          class="bird__wing"
        />
        <div
          class="bird__legs"
        >
          <div
            class="bird__leg bird__leg--left"
          />
          <div
            class="bird__leg bird__leg--right"
          />
        </div>
      </div>
    </div>
  </div>
  <div
    class="search-buttons-container"
  >
    <div
      class="select-country"
    >
      <h2
        class="select-country-text"
      >
         
         
      </h2>
    </div>
    <div
      class="search-container"
    >
      <div
        class="search"
      >
        <div
          class="searchInputs"
        >
          <input
            class="search-box"
            placeholder="Search countries..."
            type="text"
            value=""
          />
        </div>
      </div>
      <div
        class="view-button-container"
      >
        <p
          class="button-label"
        >
          View Food
        </p>
      </div>
    </div>
    <div>
      <button
        class="random-button"
      >
         
        Random!
      </button>
    </div>
  </div>
</div>
`;
